Archive Project report for Aula3
Thu Sep  8 12:16:18 2022
Quartus Prime Version 20.1.0 Build 711 06/05/2020 SJ Lite Edition


---------------------
; Table of Contents ;
---------------------
  1. Legal Notice
  2. Archive Project Summary
  3. Archive Project Messages
  4. Files Archived



----------------
; Legal Notice ;
----------------
Copyright (C) 2020  Intel Corporation. All rights reserved.
Your use of Intel Corporation's design tools, logic functions 
and other software and tools, and any partner logic 
functions, and any output files from any of the foregoing 
(including device programming or simulation files), and any 
associated documentation or information are expressly subject 
to the terms and conditions of the Intel Program License 
Subscription Agreement, the Intel Quartus Prime License Agreement,
the Intel FPGA IP License Agreement, or other applicable license
agreement, including, without limitation, that your use is for
the sole purpose of programming logic devices manufactured by
Intel and sold by Intel or its authorized distributors.  Please
refer to the applicable agreement for further details, at
https://fpgasoftware.intel.com/eula.



+----------------------------------------------------------------+
; Archive Project Summary                                        ;
+------------------------+---------------------------------------+
; Archive Project Status ; Successful - Thu Sep  8 12:16:18 2022 ;
; Revision Name          ; Aula3                                 ;
; Top-level Entity Name  ; TopLevel                              ;
; Family                 ; Cyclone V                             ;
+------------------------+---------------------------------------+


+--------------------------+
; Archive Project Messages ;
+--------------------------+
Info: File Set 'Source control' contains:
    Info: Project source and settings files
    Info: Automatically detected source files
Warning: Hierarchical Platform Designer systems and custom IP components(_hw.tcl and associated files) are not archived by the Quartus Archiver
Critical Warning: Analysis & Elaboration was not run successfully.
    Critical Warning: The 'Automatically detected source files' file subset will attempt to guess which files are needed. The archive file will likely be larger than required and may still be incomplete.
Info: Parsing: decoderInstru.vhd
Info: Parsing: TopLevel.vhd
Info: Parsing: edgeDetector.vhd
Info: Parsing: memoriaROM.vhd
Info: Parsing: muxGenerico2x1.vhd
Info: Parsing: registradorGenerico.vhd
Info: Parsing: somaConstante.vhd
Info: Parsing: ULASomaSub.vhd
Info: Parsing: memoriaRAM.vhd
Info: Archive will store files relative to the closest common parent directory
Info (13213): Using common directory /home/ellen/Desktop/DesComp/DESCOMP/Atividades/Aula 3/
Info: ----------------------------------------------------------
Info: ----------------------------------------------------------
Info: Generated archive '/home/ellen/Desktop/DesComp/DESCOMP/Atividades/Aula 3/Aula3.qar'
Info: ----------------------------------------------------------
Info: ----------------------------------------------------------
Info: Generated report 'Aula3.archive.rpt'
Error (23031): Evaluation of Tcl script /home/ellen/intelFPGA_lite/20.1/quartus/common/tcl/apps/qpm/qar.tcl unsuccessful
Error: Quartus Prime Shell was unsuccessful. 6 errors, 6 warnings
    Error: Peak virtual memory: 577 megabytes
    Error: Processing ended: Thu Sep  8 12:16:18 2022
    Error: Elapsed time: 00:00:22
    Error: Total CPU time (on all processors): 00:00:39


+-------------------------------------------------------------------------+
; Files Archived                                                          ;
+-------------------------------------------------------------------------+
; File Name                                                               ;
+-------------------------------------------------------------------------+
; /home/ellen/intelFPGA_lite/20.1/quartus/linux64/assignment_defaults.qdf ;
; Aula3.qpf                                                               ;
; Aula3.qsf                                                               ;
; decoderInstru.vhd                                                       ;
; edgeDetector.vhd                                                        ;
; memoriaRAM.vhd                                                          ;
; memoriaROM.vhd                                                          ;
; muxGenerico2x1.vhd                                                      ;
; output_files/Aula3.flow.rpt                                             ;
; output_files/Aula3.map.rpt                                              ;
; output_files/Aula3.map.summary                                          ;
; registradorGenerico.vhd                                                 ;
; somaConstante.vhd                                                       ;
; TopLevel.vhd                                                            ;
; ULASomaSub.vhd                                                          ;
+-------------------------------------------------------------------------+


